// Jest Snapshot v1, https://goo.gl/fbAQLP

exports[`Icon should render Icon 1`] = `
<div>
  <svg
    aria-hidden="true"
    class="components-icon components-icon__svg test1"
    enable-background="new 0 0 20 20"
    focusable="false"
    height="20px"
    role="img"
    version="1.1"
    viewBox="0 0 20 20"
    width="20px"
    x="0px"
    xmlns="http://www.w3.org/2000/svg"
    y="0px"
  >
    <image
      height="20"
      href="http://example.com"
      width="20"
      x="0"
      y="0"
    />
  </svg>
  <svg
    aria-hidden="true"
    class="components-icon components-icon__svg test2"
    enable-background="new 0 0 20 20"
    focusable="false"
    height="20px"
    role="img"
    version="1.1"
    viewBox="0 0 20 20"
    width="20px"
    x="0px"
    xmlns="http://www.w3.org/2000/svg"
    y="0px"
  >
    <image
      height="20"
      href="data:image/png;base64,1234567890"
      width="20"
      x="0"
      y="0"
    />
  </svg>
  <svg
    aria-hidden="true"
    class="dashicon dashicons-menu components-icon components-icon__dashicon test3"
    focusable="false"
    height="20"
    role="img"
    viewBox="0 0 20 20"
    width="20"
    xmlns="http://www.w3.org/2000/svg"
  >
    <path
      d="M17 7V5H3v2h14zm0 4V9H3v2h14zm0 4v-2H3v2h14z"
    />
  </svg>
  <svg
    aria-hidden="true"
    class="dashicon dashicons-admin-site components-icon components-icon__dashicon test4"
    focusable="false"
    height="20"
    role="img"
    viewBox="0 0 20 20"
    width="20"
    xmlns="http://www.w3.org/2000/svg"
  >
    <path
      d="M9 0C4.03 0 0 4.03 0 9s4.03 9 9 9 9-4.03 9-9-4.03-9-9-9zm3.46 11.95c0 1.47-.8 3.3-4.06 4.7.3-4.17-2.52-3.69-3.2-5 .126-1.1.804-2.063 1.8-2.55-1.552-.266-3-.96-4.18-2 .05.47.28.904.64 1.21-.782-.295-1.458-.817-1.94-1.5.977-3.225 3.883-5.482 7.25-5.63-.84 1.38-1.5 4.13 0 5.57C7.23 7 6.26 5 5.41 5.79c-1.13 1.06.33 2.51 3.42 3.08 3.29.59 3.66 1.58 3.63 3.08zm1.34-4c-.32-1.11.62-2.23 1.69-3.14 1.356 1.955 1.67 4.45.84 6.68-.77-1.89-2.17-2.32-2.53-3.57v.03z"
    />
  </svg>
  <svg
    aria-hidden="true"
    class="dashicon dashicons-admin-post"
    focusable="false"
    height="20"
    role="img"
    viewBox="0 0 20 20"
    width="20"
    xmlns="http://www.w3.org/2000/svg"
  >
    <path
      d="M10.44 3.02l1.82-1.82 6.36 6.35-1.83 1.82c-1.05-.68-2.48-.57-3.41.36l-.75.75c-.92.93-1.04 2.35-.35 3.41l-1.83 1.82-2.41-2.41-2.8 2.79c-.42.42-3.38 2.71-3.8 2.29s1.86-3.39 2.28-3.81l2.79-2.79L4.1 9.36l1.83-1.82c1.05.69 2.48.57 3.4-.36l.75-.75c.93-.92 1.05-2.35.36-3.41z"
    />
  </svg>
</div>
`;
